// Jest Snapshot v1, https://goo.gl/fbAQLP

exports[`Category Like Picker tests basic tests matches the snapshot 1`] = `
Array [
  .c0 {
  display: inline-block;
}

.c1 {
  margin: auto;
  border: none;
  height: 32px;
  width: 32px;
  outline: none;
  cursor: pointer;
  object-fit: cover;
}

.c2 {
  width: 100%;
  height: 100%;
  fill: currentColor;
}

<div
    className="c0"
  >
    <div
      className="c1"
      onClick={[Function]}
    >
      <svg
        aria-hidden="true"
        className="c2"
        focusable="false"
        viewBox="0 0 32 32"
      >
        <path
          d="M20.06238 4.16496c-2.12476-1.76072-5.30215-1.46853-7.27486.51227l-.76803.7741-.76803-.7703c-1.59064-1.60134-4.79922-2.56518-7.27485-.51607-2.44834 2.03392-2.577 5.68437-.38597 7.88526l7.54386 7.5817c.24172.24286.5614.36808.8811.36808.31968 0 .63937-.12143.88109-.36808l7.54386-7.5817c2.19883-2.20089 2.07017-5.85134-.37817-7.88526zm-.51072 7.04285l-7.51657 7.5817-7.54776-7.5817c-1.49708-1.50268-1.80897-4.36763.3002-6.11696 2.13645-1.7759 4.64717-.48951 5.56725.43638l1.66471 1.67344 1.66472-1.67344c.90448-.91071 3.4386-2.2009 5.56725-.43638 2.10527 1.74553 1.79727 4.61049.3002 6.11696z"
        />
      </svg>
    </div>
  </div>,
  .c0 {
  display: inline-block;
}

.c6 {
  border: none;
  height: 31px;
  width: 31px;
  outline: none;
  cursor: pointer;
}

.c7 {
  width: 100%;
  height: 100%;
  fill: currentColor;
}

.c1 {
  display: inline-block;
  position: relative;
}

.c2 {
  left: 50%;
  top: calc(100% + 10px);
  -webkit-transform: translateX(-80%);
  -ms-transform: translateX(-80%);
  transform: translateX(-80%);
  white-space: nowrap;
  position: absolute;
  background: #0C0D21;
  text-align: center;
  padding: 10px;
  z-index: 2;
  border-radius: 3px;
  box-shadow: 1px 1px 5px 0 rgba(34,35,38,0.43);
  display: none;
}

.c4 {
  color: #FFFFFF;
  font-family: Muli,sans-serif;
  font-weight: 300;
  font-size: 14px;
}

.c3 {
  width: 0;
  height: 0;
  border-style: solid;
  position: absolute;
  top: -7px;
  left: calc(80% - 10px);
  border-width: 0 7px 8px 7px;
  border-color: transparent transparent #0C0D21 transparent;
}

.c5 {
  cursor: pointer;
  height: 24px;
}

<div
    className="c0"
  >
    <div
      className="c1"
    >
      <div
        className="c2"
      >
        <div
          className="c3"
        />
        <div
          className="c4"
        >
          MISSING: optOutTooltip
        </div>
      </div>
      <div
        className="c5"
        onMouseEnter={[Function]}
        onMouseLeave={[Function]}
      >
        <div
          className="c6"
          onClick={[Function]}
        >
          <svg
            aria-hidden="true"
            className="c7"
            focusable="false"
            viewBox="0 0 32 32"
          >
            <path
              d="M12 2C6.47714 2 2 6.47714 2 12s4.47714 10 10 10 10-4.47714 10-10S17.52286 2 12 2zM5.84133 18.15867c-3.25089-3.25089-3.3931-8.42569-.43952-11.84448l12.28404 12.284c-3.41952 2.95419-8.59428 2.81072-11.84452-.43952zm12.75686-.47286l-12.284-12.284c3.41952-2.95415 8.59424-2.81068 11.84448.43952 3.25089 3.25085 3.3931 8.42569.43952 11.84448z"
            />
          </svg>
        </div>
      </div>
    </div>
  </div>,
]
`;
