// Jest Snapshot v1, https://goo.gl/fbAQLP

exports[`Amount tests basic tests matches the snapshot 1`] = `
.c0 {
  -webkit-text-decoration: none;
  text-decoration: none;
  font-size: 16px;
  font-weight: 400;
  padding-top: 24px;
}

<div
  id="tableAdsHistory"
>
  <div
    className="c0"
  >
    MISSING: noAdsHistory
  </div>
</div>
`;
