// Jest Snapshot v1, https://goo.gl/fbAQLP

exports[`ModalShowAdsHistory tests basic tests matches the snapshot 1`] = `
.c5 {
  font-family: Poppins,sans-serif;
  padding-top: 10px;
  white-space: nowrap;
}

.c6 {
  font-size: 22px;
  font-weight: 600;
  color: rgb(193,45,124);
  margin-bottom: 10px;
  line-height: 1.3;
}

.c7 {
  font-size: 30px;
  line-height: 1.2;
  margin-bottom: 10px;
  font-weight: 300;
}

.c10 {
  font-size: 18px;
  color: rgb(193,45,124);
}

.c9 {
  line-height: 1.5;
}

.c11 {
  font-size: 18px;
  color: rgb(193,45,124);
  font-weight: 600;
}

.c8 {
  line-height: 1.5;
  width: 100%;
  display: -webkit-box;
  display: -webkit-flex;
  display: -ms-flexbox;
  display: flex;
  -webkit-box-pack: justify;
  -webkit-justify-content: space-between;
  -ms-flex-pack: justify;
  justify-content: space-between;
  -webkit-align-items: center;
  -webkit-box-align: center;
  -ms-flex-align: center;
  align-items: center;
  -webkit-align-content: baseline;
  -ms-flex-line-pack: baseline;
  align-content: baseline;
}

.c0 {
  position: fixed;
  top: 0;
  left: 0;
  width: 100%;
  height: 100vh;
  background: rgba(12,13,33,0.85);
  z-index: 99;
  padding: 0 20px;
  overflow: hidden;
}

.c1 {
  max-width: 920px;
  margin: 52px auto;
  background: #fff;
  border-radius: 6px;
  overflow: hidden;
  position: relative;
}

.c2 {
  position: absolute;
  top: 20px;
  right: 20px;
  cursor: pointer;
  width: 20px;
  height: 20px;
  color: #9E9FAB;
}

.c4 {
  padding: 48px 48px;
  overflow-y: auto;
  max-height: calc(100vh - 100px);
}

.c3 {
  width: 100%;
  height: 100%;
  fill: currentColor;
}

.c12 {
  -webkit-text-decoration: none;
  text-decoration: none;
  font-size: 16px;
  font-weight: 400;
  padding-top: 24px;
}

<div
  className="c0"
  data-test-id="show-ads-history-modal"
  id="modal"
  onClick={[Function]}
>
  <div
    className="c1"
    size="normal"
  >
    <div
      className="c2"
    >
      <svg
        aria-hidden="true"
        className="c3"
        focusable="false"
        viewBox="0 0 32 32"
      >
        <path
          d="M16 3a13 13 0 1 0 13 13A13 13 0 0 0 16 3zm0 24a11 11 0 1 1 11-11 11 11 0 0 1-11 11z"
        />
        <path
          d="M20.71 11.29a1 1 0 0 0-1.42 0L16 14.59l-3.29-3.3a1 1 0 0 0-1.42 1.42l3.3 3.29-3.3 3.29a1 1 0 0 0 0 1.42 1 1 0 0 0 1.42 0l3.29-3.3 3.29 3.3a1 1 0 0 0 1.42 0 1 1 0 0 0 0-1.42L17.41 16l3.3-3.29a1 1 0 0 0 0-1.42z"
        />
      </svg>
    </div>
    <div
      className="c4"
    >
      <div
        className="c5"
      >
        <div
          className="c6"
        >
          MISSING: adsHistoryTitle
        </div>
        <div
          className="c7"
        >
          MISSING: adsHistorySubTitle
        </div>
        <div
          className="c8"
        >
          <div
            className="c9"
          >
            <span
              className="c10"
            >
              MISSING: adsCurrentlyViewing
            </span>
            <span
              className="c11"
            >
              0MISSING: adsPerHourPlural
            </span>
          </div>
        </div>
        <div>
          <div
            className="c12"
          >
            MISSING: noAdsHistory
          </div>
        </div>
      </div>
    </div>
  </div>
</div>
`;
